<?xml version="1.0" encoding="utf-8"?>
<TestRun id="a13c6775-12b2-47fd-b3e6-839e3b077435" name="j.otero@LTISSVQ04 2022-10-20 09:43:48" runUser="INNOVATION\j.otero" xmlns="http://microsoft.com/schemas/VisualStudio/TeamTest/2010">
  <Times creation="2022-10-20T09:43:48.8383704+02:00" queuing="2022-10-20T09:43:48.8383721+02:00" start="2022-10-20T09:43:41.9622088+02:00" finish="2022-10-20T09:43:48.8479035+02:00" />
  <TestSettings name="default" id="ce89df5f-7aac-4aa8-a61b-aed7a1b92e2f">
    <Deployment runDeploymentRoot="j.otero_LTISSVQ04_2022-10-20_09_43_48" />
  </TestSettings>
  <Results>
    <UnitTestResult executionId="d12eeffc-55de-421f-a215-256af958ebcb" testId="447ab9ee-cb25-5cb1-46ad-a1f13c1dab12" testName="Test1" computerName="LTISSVQ04" duration="00:00:05.9457390" startTime="2022-10-20T09:43:42.6492993+02:00" endTime="2022-10-20T09:43:48.5947188+02:00" testType="13cdc9d9-ddb5-4fa4-a97d-d965ccfc6d4b" outcome="Passed" testListId="8c84fa94-04c1-424b-9868-57a2d4851a1d" relativeResultsDirectory="d12eeffc-55de-421f-a215-256af958ebcb" />
  </Results>
  <TestDefinitions>
    <UnitTest name="Test1" storage="c:\users\j.otero\desktop\poc2\bin\debug\net5.0\poc2.dll" id="447ab9ee-cb25-5cb1-46ad-a1f13c1dab12">
      <Execution id="d12eeffc-55de-421f-a215-256af958ebcb" />
      <TestMethod codeBase="C:\Users\j.otero\Desktop\PoC2\bin\Debug\net5.0\Poc2.dll" adapterTypeName="executor://nunit3testexecutor/" className="Poc2.Tests" name="Test1" />
    </UnitTest>
  </TestDefinitions>
  <TestEntries>
    <TestEntry testId="447ab9ee-cb25-5cb1-46ad-a1f13c1dab12" executionId="d12eeffc-55de-421f-a215-256af958ebcb" testListId="8c84fa94-04c1-424b-9868-57a2d4851a1d" />
  </TestEntries>
  <TestLists>
    <TestList name="Resultados sin formato de lista" id="8c84fa94-04c1-424b-9868-57a2d4851a1d" />
    <TestList name="Todos los resultados cargados" id="19431567-8539-422a-85d7-44ee4e166bda" />
  </TestLists>
  <ResultSummary outcome="Completed">
    <Counters total="1" executed="1" passed="1" failed="0" error="0" timeout="0" aborted="0" inconclusive="0" passedButRunAborted="0" notRunnable="0" notExecuted="0" disconnected="0" warning="0" completed="0" inProgress="0" pending="0" />
    <Output>
      <StdOut>NUnit Adapter 4.0.0.0: Test execution started&#xD;
Running all tests in C:\Users\j.otero\Desktop\PoC2\bin\Debug\net5.0\Poc2.dll&#xD;
   NUnit3TestExecutor discovered 1 of 1 NUnit test cases using Current Discovery mode, Non-Explicit run&#xD;
NUnit Adapter 4.0.0.0: Test execution complete&#xD;
</StdOut>
    </Output>
  </ResultSummary>
</TestRun>